// Jest Snapshot v1, https://goo.gl/fbAQLP

exports[`Login page matches snapshot 1`] = `
<div
  className="center-login"
>
  <a
    href="https://www.b-iot.ch"
  >
    <img
      alt="BIoT logo"
      className="login-logo"
      src="logoColor.png"
    />
  </a>
  <div
    className="search-bar"
    style={
      Object {
        "width": 350,
      }
    }
  >
    <div
      className="search-mask"
      style={
        Object {
          "width": 350,
        }
      }
    >
      <div
        className="search-shadow"
        style={
          Object {
            "width": 450,
          }
        }
      />
      <div
        className="search-light"
        style={
          Object {
            "width": 450,
          }
        }
      />
    </div>
    <div
      className="search-blur"
      style={
        Object {
          "width": 355,
        }
      }
    >
      <input
        className="search-text axiforma-light-blue-21px"
        data-testid="input"
        onChange={[Function]}
        onKeyPress={[Function]}
        placeholder="Username"
        style={
          Object {
            "width": 275,
          }
        }
        type=""
      />
    </div>
  </div>
  <div
    className="search-bar"
    style={
      Object {
        "marginTop": 15,
        "width": 350,
      }
    }
  >
    <div
      className="search-mask"
      style={
        Object {
          "width": 350,
        }
      }
    >
      <div
        className="search-shadow"
        style={
          Object {
            "width": 450,
          }
        }
      />
      <div
        className="search-light"
        style={
          Object {
            "width": 450,
          }
        }
      />
    </div>
    <div
      className="search-blur"
      style={
        Object {
          "width": 355,
        }
      }
    >
      <input
        className="search-text axiforma-light-blue-21px"
        data-testid="input"
        onChange={[Function]}
        onKeyPress={[Function]}
        placeholder="Password"
        style={
          Object {
            "width": 275,
          }
        }
        type="password"
      />
    </div>
  </div>
  <div
    className="button css-1i20ack-Hover e128ygwg0"
    onClick={[Function]}
    style={
      Object {
        "marginTop": 35,
        "width": 200,
      }
    }
  >
    <div
      className="button-pressed css-1gvt6rq-FadeIn e128ygwg3"
      style={
        Object {
          "width": 200,
        }
      }
    />
    <div
      className="button-shadow css-1ypgtc4-FadeOut e128ygwg2"
      style={
        Object {
          "width": 200,
        }
      }
    />
    <div
      className="button-light css-1ypgtc4-FadeOut e128ygwg2"
      style={
        Object {
          "width": 200,
        }
      }
    />
    <div
      className="button-text axiforma-medium-blue-22px css-zcw12y-Scale e128ygwg1"
      style={
        Object {
          "width": 200,
        }
      }
    >
      Login
    </div>
  </div>
</div>
`;
