// Jest Snapshot v1, https://goo.gl/fbAQLP

exports[`Search page matches snapshot 1`] = `
<div
  className="search-page"
>
  <h1
    className="search-title font-axiforma-bold text-blue text-title"
  >
    Que cherchez-vous ?
  </h1>
  <div
    className="search-bar"
    style={
      Object {
        "marginTop": 25,
        "width": 300,
      }
    }
  >
    <div
      className="search-blur"
      style={
        Object {
          "width": 310,
        }
      }
    >
      <div
        className="search-mask"
        style={
          Object {
            "width": 300,
          }
        }
      >
        <div
          className="search-shadow"
          style={
            Object {
              "width": 350,
            }
          }
        />
        <div
          className="search-light"
          style={
            Object {
              "width": 350,
            }
          }
        />
      </div>
    </div>
    <input
      className="search-text font-axiforma-light text-blue text-small"
      data-testid="input"
      onChange={[Function]}
      onKeyPress={[Function]}
      placeholder="Rechercher"
      style={
        Object {
          "width": 250,
        }
      }
      type=""
    />
  </div>
  <div
    className="result-grid"
  >
    <div />
  </div>
  <div
    className="log-out"
  >
    <div
      className="button css-1i20ack-Hover e128ygwg0"
      data-testid="button"
      onClick={[Function]}
      style={
        Object {
          "height": 60,
          "marginBottom": 30,
          "width": 60,
        }
      }
    >
      <div
        className="button-pressed css-1gvt6rq-FadeIn e128ygwg3"
        style={
          Object {
            "borderRadius": 60,
            "filter": "blur(4px)",
            "height": "calc(60px + 0.5*5px)",
            "width": "calc(60px + 0.5*5px)",
          }
        }
      />
      <div
        className="button-unpressed css-1ypgtc4-FadeOut e128ygwg2"
      >
        <div
          className="neumorphic-container"
          style={
            Object {
              "height": 60,
              "width": 60,
            }
          }
        >
          <div
            className="neumorphic-div"
            style={
              Object {
                "background": "var(--darker-shadow)",
                "borderRadius": 60,
                "filter": "blur(2px)",
                "height": "calc(100% + 5px)",
                "left": 0,
                "position": "absolute",
                "top": 0,
                "width": "calc(100% + 5px)",
              }
            }
          />
          <div
            className="neumorphic-div"
            style={
              Object {
                "background": "var(--lighter-light)",
                "borderRadius": 60,
                "bottom": 0,
                "filter": "blur(2px)",
                "height": "calc(100% + 5px)",
                "position": "absolute",
                "right": 0,
                "width": "calc(100% + 5px)",
              }
            }
          />
          <div
            className="neumorphic-div neumorphic-ambiant"
            style={
              Object {
                "background": "linear-gradient(157.37deg, var(--light) 13.29%, var(--shadow) 84.76%)",
                "borderRadius": 60,
                "filter": "blur(2px)",
                "height": "100%",
                "position": "absolute",
                "width": "100%",
              }
            }
          />
          <div
            className="icon-container clear css-zcw12y-Scale e128ygwg1"
          >
            <img
              alt="Button icon"
              className="round-icon"
              src="navbarIcons/logOut.svg"
            />
          </div>
        </div>
      </div>
      <div
        className="icon-container clear css-zcw12y-Scale e128ygwg1"
      >
        <img
          alt="Button icon"
          className="round-icon"
          src="navbarIcons/logOut.svg"
        />
      </div>
    </div>
  </div>
</div>
`;
