// Jest Snapshot v1, https://goo.gl/fbAQLP

exports[`Search page matches snapshot 1`] = `
<div
  className="search-page"
>
  <h1
    className="search-title axiforma-bold-blue-70px"
  >
    Que cherchez-vous ?
  </h1>
  <div
    className="search-bar"
    style={
      Object {
        "marginTop": 50,
        "width": 550,
      }
    }
  >
    <div
      className="search-mask"
      style={
        Object {
          "width": 550,
        }
      }
    >
      <div
        className="search-shadow"
        style={
          Object {
            "width": 650,
          }
        }
      />
      <div
        className="search-light"
        style={
          Object {
            "width": 650,
          }
        }
      />
    </div>
    <div
      className="search-blur"
      style={
        Object {
          "width": 555,
        }
      }
    >
      <input
        className="search-text axiforma-light-blue-21px"
        data-testid="input"
        onChange={[Function]}
        onKeyPress={[Function]}
        placeholder="Rechercher"
        style={
          Object {
            "width": 475,
          }
        }
        type=""
      />
    </div>
  </div>
  <div
    className="result-grid"
  >
    <div
      className="item-container css-1i20ack-Hover e128ygwg0"
    >
      <div
        className="item-pressed css-1gvt6rq-FadeIn e128ygwg3"
      />
      <div
        className="button-container css-1ypgtc4-FadeOut e128ygwg2"
      >
        <div
          className="item-light"
        />
        <div
          className="item-shadow"
        />
      </div>
      <div
        className="text-container css-zcw12y-Scale e128ygwg1"
      >
        <div
          className="placeholder-text axiforma-semi-bold-spindle-120px"
        >
          ...
        </div>
      </div>
    </div>
    <div
      className="item-container css-1i20ack-Hover e128ygwg0"
    >
      <div
        className="item-pressed css-1gvt6rq-FadeIn e128ygwg3"
      />
      <div
        className="button-container css-1ypgtc4-FadeOut e128ygwg2"
      >
        <div
          className="item-light"
        />
        <div
          className="item-shadow"
        />
      </div>
      <div
        className="text-container css-zcw12y-Scale e128ygwg1"
      >
        <div
          className="placeholder-text axiforma-semi-bold-spindle-120px"
        >
          ...
        </div>
      </div>
    </div>
    <div
      className="item-container css-1i20ack-Hover e128ygwg0"
    >
      <div
        className="item-pressed css-1gvt6rq-FadeIn e128ygwg3"
      />
      <div
        className="button-container css-1ypgtc4-FadeOut e128ygwg2"
      >
        <div
          className="item-light"
        />
        <div
          className="item-shadow"
        />
      </div>
      <div
        className="text-container css-zcw12y-Scale e128ygwg1"
      >
        <div
          className="placeholder-text axiforma-semi-bold-spindle-120px"
        >
          ...
        </div>
      </div>
    </div>
    <div
      className="item-container css-1i20ack-Hover e128ygwg0"
    >
      <div
        className="item-pressed css-1gvt6rq-FadeIn e128ygwg3"
      />
      <div
        className="button-container css-1ypgtc4-FadeOut e128ygwg2"
      >
        <div
          className="item-light"
        />
        <div
          className="item-shadow"
        />
      </div>
      <div
        className="text-container css-zcw12y-Scale e128ygwg1"
      >
        <div
          className="placeholder-text axiforma-semi-bold-spindle-120px"
        >
          ...
        </div>
      </div>
    </div>
    <div
      className="item-container css-1i20ack-Hover e128ygwg0"
    >
      <div
        className="item-pressed css-1gvt6rq-FadeIn e128ygwg3"
      />
      <div
        className="button-container css-1ypgtc4-FadeOut e128ygwg2"
      >
        <div
          className="item-light"
        />
        <div
          className="item-shadow"
        />
      </div>
      <div
        className="text-container css-zcw12y-Scale e128ygwg1"
      >
        <div
          className="placeholder-text axiforma-semi-bold-spindle-120px"
        >
          ...
        </div>
      </div>
    </div>
    <div
      className="item-container css-1i20ack-Hover e128ygwg0"
    >
      <div
        className="item-pressed css-1gvt6rq-FadeIn e128ygwg3"
      />
      <div
        className="button-container css-1ypgtc4-FadeOut e128ygwg2"
      >
        <div
          className="item-light"
        />
        <div
          className="item-shadow"
        />
      </div>
      <div
        className="text-container css-zcw12y-Scale e128ygwg1"
      >
        <div
          className="placeholder-text axiforma-semi-bold-spindle-120px"
        >
          ...
        </div>
      </div>
    </div>
    <div
      className="item-container css-1i20ack-Hover e128ygwg0"
    >
      <div
        className="item-pressed css-1gvt6rq-FadeIn e128ygwg3"
      />
      <div
        className="button-container css-1ypgtc4-FadeOut e128ygwg2"
      >
        <div
          className="item-light"
        />
        <div
          className="item-shadow"
        />
      </div>
      <div
        className="text-container css-zcw12y-Scale e128ygwg1"
      >
        <div
          className="placeholder-text axiforma-semi-bold-spindle-120px"
        >
          ...
        </div>
      </div>
    </div>
    <div
      className="item-container css-1i20ack-Hover e128ygwg0"
    >
      <div
        className="item-pressed css-1gvt6rq-FadeIn e128ygwg3"
      />
      <div
        className="button-container css-1ypgtc4-FadeOut e128ygwg2"
      >
        <div
          className="item-light"
        />
        <div
          className="item-shadow"
        />
      </div>
      <div
        className="text-container css-zcw12y-Scale e128ygwg1"
      >
        <div
          className="placeholder-text axiforma-semi-bold-spindle-120px"
        >
          ...
        </div>
      </div>
    </div>
    <div
      className="item-container css-1i20ack-Hover e128ygwg0"
    >
      <div
        className="item-pressed css-1gvt6rq-FadeIn e128ygwg3"
      />
      <div
        className="button-container css-1ypgtc4-FadeOut e128ygwg2"
      >
        <div
          className="item-light"
        />
        <div
          className="item-shadow"
        />
      </div>
      <div
        className="text-container css-zcw12y-Scale e128ygwg1"
      >
        <div
          className="placeholder-text axiforma-semi-bold-spindle-120px"
        >
          ...
        </div>
      </div>
    </div>
    <div
      className="item-container css-1i20ack-Hover e128ygwg0"
    >
      <div
        className="item-pressed css-1gvt6rq-FadeIn e128ygwg3"
      />
      <div
        className="button-container css-1ypgtc4-FadeOut e128ygwg2"
      >
        <div
          className="item-light"
        />
        <div
          className="item-shadow"
        />
      </div>
      <div
        className="text-container css-zcw12y-Scale e128ygwg1"
      >
        <div
          className="placeholder-text axiforma-semi-bold-spindle-120px"
        >
          ...
        </div>
      </div>
    </div>
    <div
      className="item-container css-1i20ack-Hover e128ygwg0"
    >
      <div
        className="item-pressed css-1gvt6rq-FadeIn e128ygwg3"
      />
      <div
        className="button-container css-1ypgtc4-FadeOut e128ygwg2"
      >
        <div
          className="item-light"
        />
        <div
          className="item-shadow"
        />
      </div>
      <div
        className="text-container css-zcw12y-Scale e128ygwg1"
      >
        <div
          className="placeholder-text axiforma-semi-bold-spindle-120px"
        >
          ...
        </div>
      </div>
    </div>
    <div
      className="item-container css-1i20ack-Hover e128ygwg0"
    >
      <div
        className="item-pressed css-1gvt6rq-FadeIn e128ygwg3"
      />
      <div
        className="button-container css-1ypgtc4-FadeOut e128ygwg2"
      >
        <div
          className="item-light"
        />
        <div
          className="item-shadow"
        />
      </div>
      <div
        className="text-container css-zcw12y-Scale e128ygwg1"
      >
        <div
          className="placeholder-text axiforma-semi-bold-spindle-120px"
        >
          ...
        </div>
      </div>
    </div>
    <div
      className="item-container css-1i20ack-Hover e128ygwg0"
    >
      <div
        className="item-pressed css-1gvt6rq-FadeIn e128ygwg3"
      />
      <div
        className="button-container css-1ypgtc4-FadeOut e128ygwg2"
      >
        <div
          className="item-light"
        />
        <div
          className="item-shadow"
        />
      </div>
      <div
        className="text-container css-zcw12y-Scale e128ygwg1"
      >
        <div
          className="placeholder-text axiforma-semi-bold-spindle-120px"
        >
          ...
        </div>
      </div>
    </div>
    <div
      className="item-container css-1i20ack-Hover e128ygwg0"
    >
      <div
        className="item-pressed css-1gvt6rq-FadeIn e128ygwg3"
      />
      <div
        className="button-container css-1ypgtc4-FadeOut e128ygwg2"
      >
        <div
          className="item-light"
        />
        <div
          className="item-shadow"
        />
      </div>
      <div
        className="text-container css-zcw12y-Scale e128ygwg1"
      >
        <div
          className="placeholder-text axiforma-semi-bold-spindle-120px"
        >
          ...
        </div>
      </div>
    </div>
    <div
      className="item-container css-1i20ack-Hover e128ygwg0"
    >
      <div
        className="item-pressed css-1gvt6rq-FadeIn e128ygwg3"
      />
      <div
        className="button-container css-1ypgtc4-FadeOut e128ygwg2"
      >
        <div
          className="item-light"
        />
        <div
          className="item-shadow"
        />
      </div>
      <div
        className="text-container css-zcw12y-Scale e128ygwg1"
      >
        <div
          className="placeholder-text axiforma-semi-bold-spindle-120px"
        >
          ...
        </div>
      </div>
    </div>
    <div
      className="item-container css-1i20ack-Hover e128ygwg0"
    >
      <div
        className="item-pressed css-1gvt6rq-FadeIn e128ygwg3"
      />
      <div
        className="button-container css-1ypgtc4-FadeOut e128ygwg2"
      >
        <div
          className="item-light"
        />
        <div
          className="item-shadow"
        />
      </div>
      <div
        className="text-container css-zcw12y-Scale e128ygwg1"
      >
        <div
          className="placeholder-text axiforma-semi-bold-spindle-120px"
        >
          ...
        </div>
      </div>
    </div>
    <div
      className="item-container css-1i20ack-Hover e128ygwg0"
    >
      <div
        className="item-pressed css-1gvt6rq-FadeIn e128ygwg3"
      />
      <div
        className="button-container css-1ypgtc4-FadeOut e128ygwg2"
      >
        <div
          className="item-light"
        />
        <div
          className="item-shadow"
        />
      </div>
      <div
        className="text-container css-zcw12y-Scale e128ygwg1"
      >
        <div
          className="placeholder-text axiforma-semi-bold-spindle-120px"
        >
          ...
        </div>
      </div>
    </div>
    <div
      className="item-container css-1i20ack-Hover e128ygwg0"
    >
      <div
        className="item-pressed css-1gvt6rq-FadeIn e128ygwg3"
      />
      <div
        className="button-container css-1ypgtc4-FadeOut e128ygwg2"
      >
        <div
          className="item-light"
        />
        <div
          className="item-shadow"
        />
      </div>
      <div
        className="text-container css-zcw12y-Scale e128ygwg1"
      >
        <div
          className="placeholder-text axiforma-semi-bold-spindle-120px"
        >
          ...
        </div>
      </div>
    </div>
  </div>
  <div
    className="log-out"
  >
    <div
      className="round-container css-1i20ack-Hover e128ygwg0"
    >
      <div
        className="round-pressed css-1gvt6rq-FadeIn e128ygwg3"
      />
      <button
        className="round-button-container"
        data-testid="round-button"
        onClick={[Function]}
      >
        <div
          className="round-button-container css-1ypgtc4-FadeOut e128ygwg2"
        >
          <div
            className="round-light"
          />
          <div
            className="round-shadow"
          />
        </div>
      </button>
      <div
        className="icon-container clear css-zcw12y-Scale e128ygwg1"
      >
        <img
          alt="Button icon"
          className="round-icon"
          src="navbarIcons/logOut.svg"
        />
      </div>
    </div>
  </div>
</div>
`;
